// Jest Snapshot v1, https://goo.gl/fbAQLP

exports[`AvatarGroup renders correctly 1`] = `
<div>
  <div
    class="flex -space-x-3"
  >
    <div
      class="w-avatar-xs h-avatar-xs relative flex items-center justify-center bg-neutral-grey text-neutral-black rounded-full overflow-hidden border border-white"
    >
      <img
        alt="Tomi Budi"
        data-nimg="fill"
        decoding="async"
        loading="lazy"
        sizes="100vw"
        src="/_next/image?url=%2Fprofile-picture.jpg&w=3840&q=75"
        srcset="/_next/image?url=%2Fprofile-picture.jpg&w=640&q=75 640w, /_next/image?url=%2Fprofile-picture.jpg&w=750&q=75 750w, /_next/image?url=%2Fprofile-picture.jpg&w=828&q=75 828w, /_next/image?url=%2Fprofile-picture.jpg&w=1080&q=75 1080w, /_next/image?url=%2Fprofile-picture.jpg&w=1200&q=75 1200w, /_next/image?url=%2Fprofile-picture.jpg&w=1920&q=75 1920w, /_next/image?url=%2Fprofile-picture.jpg&w=2048&q=75 2048w, /_next/image?url=%2Fprofile-picture.jpg&w=3840&q=75 3840w"
        style="position: absolute; height: 100%; width: 100%; left: 0px; top: 0px; right: 0px; bottom: 0px; color: transparent;"
      />
    </div>
    <div
      class="w-avatar-xs h-avatar-xs relative flex items-center justify-center bg-neutral-grey text-neutral-black rounded-full overflow-hidden border border-white"
    >
      CH
    </div>
    <div
      class="w-avatar-xs h-avatar-xs relative flex items-center justify-center bg-neutral-grey text-neutral-black rounded-full overflow-hidden border border-white"
    >
      +1
    </div>
  </div>
</div>
`;

exports[`AvatarGroup renders properly 1`] = `
<div>
  <div
    class="flex -space-x-3"
  >
    <div
      class="w-avatar-xs h-avatar-xs relative flex items-center justify-center bg-neutral-grey text-neutral-black rounded-full overflow-hidden border border-white"
    >
      <img
        alt="Tomi Budi"
        data-nimg="fill"
        decoding="async"
        loading="lazy"
        sizes="100vw"
        src="/_next/image?url=%2Fprofile-picture.jpg&w=3840&q=75"
        srcset="/_next/image?url=%2Fprofile-picture.jpg&w=640&q=75 640w, /_next/image?url=%2Fprofile-picture.jpg&w=750&q=75 750w, /_next/image?url=%2Fprofile-picture.jpg&w=828&q=75 828w, /_next/image?url=%2Fprofile-picture.jpg&w=1080&q=75 1080w, /_next/image?url=%2Fprofile-picture.jpg&w=1200&q=75 1200w, /_next/image?url=%2Fprofile-picture.jpg&w=1920&q=75 1920w, /_next/image?url=%2Fprofile-picture.jpg&w=2048&q=75 2048w, /_next/image?url=%2Fprofile-picture.jpg&w=3840&q=75 3840w"
        style="position: absolute; height: 100%; width: 100%; left: 0px; top: 0px; right: 0px; bottom: 0px; color: transparent;"
      />
    </div>
    <div
      class="w-avatar-xs h-avatar-xs relative flex items-center justify-center bg-neutral-grey text-neutral-black rounded-full overflow-hidden border border-white"
    >
      CH
    </div>
    <div
      class="w-avatar-xs h-avatar-xs relative flex items-center justify-center bg-neutral-grey text-neutral-black rounded-full overflow-hidden border border-white"
    >
      +1
    </div>
  </div>
</div>
`;
